BL51 BANKED LINKER/LOCATER V6.22                                                        08/22/2013  19:38:03  PAGE 1


BL51 BANKED LINKER/LOCATER V6.22, INVOKED BY:
E:\KEIL\C51\BIN\BL51.EXE T.obj TO test_motor RAMSIZE (256)


MEMORY MODEL: SMALL WITH FLOATING POINT ARITHMETIC


INPUT MODULES INCLUDED:
  T.obj (T)
  E:\KEIL\C51\LIB\C51FPS.LIB (?C?FPADD)
  E:\KEIL\C51\LIB\C51FPS.LIB (?C?FPCMP)
  E:\KEIL\C51\LIB\C51FPS.LIB (?C?FPGETOPN)
  E:\KEIL\C51\LIB\C51S.LIB (?C_STARTUP)


LINK MAP OF MODULE:  test_motor (T)


            TYPE    BASE      LENGTH    RELOCATION   SEGMENT NAME
            -----------------------------------------------------

            * * * * * * *   D A T A   M E M O R Y   * * * * * * *
            REG     0000H     0008H     ABSOLUTE     "REG BANK 0"
            DATA    0008H     0008H     UNIT         _DATA_GROUP_
            IDATA   0010H     0001H     UNIT         ?STACK

            * * * * * * *   C O D E   M E M O R Y   * * * * * * *
            CODE    0000H     0003H     ABSOLUTE     
            CODE    0003H     01AFH     UNIT         ?C?LIB_CODE
            CODE    01B2H     005DH     UNIT         ?PR?MAIN?T
            CODE    020FH     0019H     UNIT         ?PR?_DELAY_MS?T
            CODE    0228H     000CH     UNIT         ?C_C51STARTUP



OVERLAY MAP OF MODULE:   test_motor (T)


SEGMENT                          DATA_GROUP 
  +--> CALLED SEGMENT          START    LENGTH
----------------------------------------------
?C_C51STARTUP                  -----    -----
  +--> ?PR?MAIN?T

?PR?MAIN?T                     0008H    0008H



SYMBOL TABLE OF MODULE:  test_motor (T)

  VALUE           TYPE          NAME
  ----------------------------------

  -------         MODULE        T
  C:0000H         SYMBOL        _ICE_DUMMY_
  D:0080H         PUBLIC        P0
  D:00A8H         PUBLIC        IE
  D:00B8H         PUBLIC        IP
BL51 BANKED LINKER/LOCATER V6.22                                                      08/22/2013  19:38:03  PAGE 2


  D:00D8H         PUBLIC        CCON
  C:01B2H         PUBLIC        main
  D:0098H         PUBLIC        SCON
  D:0088H         PUBLIC        TCON
  C:020FH         PUBLIC        _delay_ms
  D:00D0H         PUBLIC        PSW
  -------         PROC          _DELAY_MS
  D:0006H         SYMBOL        n
  -------         DO            
  D:0005H         SYMBOL        x
  D:0004H         SYMBOL        y
  -------         ENDDO         
  C:020FH         LINE#         14
  C:020FH         LINE#         15
  C:020FH         LINE#         17
  C:0218H         LINE#         18
  C:021AH         LINE#         19
  C:0227H         LINE#         21
  -------         ENDPROC       _DELAY_MS
  -------         PROC          MAIN
  -------         DO            
  D:0008H         SYMBOL        a
  D:000CH         SYMBOL        i
  -------         ENDDO         
  C:01B2H         LINE#         51
  C:01B2H         LINE#         52
  C:01B2H         LINE#         53
  C:01BBH         LINE#         54
  C:01D7H         LINE#         55
  C:01D7H         LINE#         56
  C:01F1H         LINE#         57
  C:020DH         LINE#         58
  -------         ENDPROC       MAIN
  -------         ENDMOD        T

  -------         MODULE        ?C?FPADD
  C:000AH         PUBLIC        ?C?FPADD
  C:0006H         PUBLIC        ?C?FPSUB
  -------         ENDMOD        ?C?FPADD

  -------         MODULE        ?C?FPCMP
  C:00FDH         PUBLIC        ?C?FPCMP
  C:00FBH         PUBLIC        ?C?FPCMP3
  -------         ENDMOD        ?C?FPCMP

*** WARNING L16: UNCALLED SEGMENT, IGNORED FOR OVERLAY PROCESS
    SEGMENT: ?PR?_DELAY_MS?T

Program Size: data=17.0 xdata=0 code=564
LINK/LOCATE RUN COMPLETE.  1 WARNING(S),  0 ERROR(S)
